// Jest Snapshot v1, https://goo.gl/fbAQLP

exports[`Loader - should be rendered 1`] = `
<div
  className="loader"
  id="loader"
>
  <div />
  <div />
  <div />
</div>
`;
